[INFO] Scanning for projects...
[INFO] 
[INFO] ------------------< com.idastasoft:licencias-server >-------------------
[INFO] Building licencias-server 1.0.0
[INFO]   from pom.xml
[INFO] --------------------------------[ jar ]---------------------------------
[INFO] 
[INFO] >>> spring-boot:3.4.6:run (default-cli) > test-compile @ licencias-server >>>
[INFO] 
[INFO] --- resources:3.3.1:resources (default-resources) @ licencias-server ---
[INFO] Copying 1 resource from src\main\resources to target\classes
[INFO] Copying 1 resource from src\main\resources to target\classes
[INFO] 
[INFO] --- compiler:3.13.0:compile (default-compile) @ licencias-server ---
[INFO] Nothing to compile - all classes are up to date.
[INFO] 
[INFO] --- resources:3.3.1:testResources (default-testResources) @ licencias-server ---
[INFO] skip non existing resourceDirectory C:\Users\User\Desktop\Moodu\licencias-server\src\test\resources
[INFO] 
[INFO] --- compiler:3.13.0:testCompile (default-testCompile) @ licencias-server ---
[INFO] No sources to compile
[INFO] 
[INFO] <<< spring-boot:3.4.6:run (default-cli) < test-compile @ licencias-server <<<
[INFO] 
[INFO] 
[INFO] --- spring-boot:3.4.6:run (default-cli) @ licencias-server ---
[INFO] Attaching agents: []

  .   ____          _            __ _ _
 /\\ / ___'_ __ _ _(_)_ __  __ _ \ \ \ \
( ( )\___ | '_ | '_| | '_ \/ _` | \ \ \ \
 \\/  ___)| |_)| | | | | || (_| |  ) ) ) )
  '  |____| .__|_| |_|_| |_\__, | / / / /
 =========|_|==============|___/=/_/_/_/

 :: Spring Boot ::                (v3.4.6)

2026-07-18T17:54:01.191-05:00  INFO 16588 --- [licencias-server] [           main] c.i.l.LicenciasServerApplication         : Starting LicenciasServerApplication using Java 21.0.11 with PID 16588 (C:\Users\User\Desktop\Moodu\licencias-server\target\classes started by User in C:\Users\User\Desktop\Moodu\licencias-server)
2026-07-18T17:54:01.193-05:00  INFO 16588 --- [licencias-server] [           main] c.i.l.LicenciasServerApplication         : No active profile set, falling back to 1 default profile: "default"
2026-07-18T17:54:01.590-05:00  INFO 16588 --- [licencias-server] [           main] .s.d.r.c.RepositoryConfigurationDelegate : Bootstrapping Spring Data JPA repositories in DEFAULT mode.
2026-07-18T17:54:01.627-05:00  INFO 16588 --- [licencias-server] [           main] .s.d.r.c.RepositoryConfigurationDelegate : Finished Spring Data repository scanning in 31 ms. Found 4 JPA repository interfaces.
2026-07-18T17:54:01.948-05:00  INFO 16588 --- [licencias-server] [           main] o.s.b.w.embedded.tomcat.TomcatWebServer  : Tomcat initialized with port 9090 (http)
2026-07-18T17:54:01.959-05:00  INFO 16588 --- [licencias-server] [           main] o.apache.catalina.core.StandardService   : Starting service [Tomcat]
2026-07-18T17:54:01.959-05:00  INFO 16588 --- [licencias-server] [           main] o.apache.catalina.core.StandardEngine    : Starting Servlet engine: [Apache Tomcat/10.1.41]
2026-07-18T17:54:01.991-05:00  INFO 16588 --- [licencias-server] [           main] o.a.c.c.C.[Tomcat].[localhost].[/]       : Initializing Spring embedded WebApplicationContext
2026-07-18T17:54:01.991-05:00  INFO 16588 --- [licencias-server] [           main] w.s.c.ServletWebServerApplicationContext : Root WebApplicationContext: initialization completed in 767 ms
2026-07-18T17:54:02.078-05:00  INFO 16588 --- [licencias-server] [           main] o.hibernate.jpa.internal.util.LogHelper  : HHH000204: Processing PersistenceUnitInfo [name: default]
2026-07-18T17:54:02.106-05:00  INFO 16588 --- [licencias-server] [           main] org.hibernate.Version                    : HHH000412: Hibernate ORM core version 6.6.15.Final
2026-07-18T17:54:02.124-05:00  INFO 16588 --- [licencias-server] [           main] o.h.c.internal.RegionFactoryInitiator    : HHH000026: Second-level cache disabled
2026-07-18T17:54:02.281-05:00  INFO 16588 --- [licencias-server] [           main] o.s.o.j.p.SpringPersistenceUnitInfo      : No LoadTimeWeaver setup: ignoring JPA class transformer
2026-07-18T17:54:02.298-05:00  INFO 16588 --- [licencias-server] [           main] com.zaxxer.hikari.HikariDataSource       : HikariPool-1 - Starting...
2026-07-18T17:54:02.434-05:00  INFO 16588 --- [licencias-server] [           main] com.zaxxer.hikari.pool.HikariPool        : HikariPool-1 - Added connection conn0: url=jdbc:h2:file:./licencias_data/licencias user=SA
2026-07-18T17:54:02.435-05:00  INFO 16588 --- [licencias-server] [           main] com.zaxxer.hikari.HikariDataSource       : HikariPool-1 - Start completed.
2026-07-18T17:54:02.448-05:00  WARN 16588 --- [licencias-server] [           main] org.hibernate.orm.deprecation            : HHH90000025: H2Dialect does not need to be specified explicitly using 'hibernate.dialect' (remove the property setting and it will be selected by default)
2026-07-18T17:54:02.460-05:00  INFO 16588 --- [licencias-server] [           main] org.hibernate.orm.connections.pooling    : HHH10001005: Database info:
	Database JDBC URL [Connecting through datasource 'HikariDataSource (HikariPool-1)']
	Database driver: undefined/unknown
	Database version: 2.3.232
	Autocommit mode: undefined/unknown
	Isolation level: undefined/unknown
	Minimum pool size: undefined/unknown
	Maximum pool size: undefined/unknown
2026-07-18T17:54:03.024-05:00  INFO 16588 --- [licencias-server] [           main] o.h.e.t.j.p.i.JtaPlatformInitiator       : HHH000489: No JTA platform available (set 'hibernate.transaction.jta.platform' to enable JTA platform integration)
2026-07-18T17:54:03.065-05:00  INFO 16588 --- [licencias-server] [           main] j.LocalContainerEntityManagerFactoryBean : Initialized JPA EntityManagerFactory for persistence unit 'default'
2026-07-18T17:54:03.308-05:00  WARN 16588 --- [licencias-server] [           main] JpaBaseConfiguration$JpaWebConfiguration : spring.jpa.open-in-view is enabled by default. Therefore, database queries may be performed during view rendering. Explicitly configure spring.jpa.open-in-view to disable this warning
2026-07-18T17:54:03.317-05:00  WARN 16588 --- [licencias-server] [           main] .s.s.UserDetailsServiceAutoConfiguration : 

Using generated security password: 34748101-41a1-4b41-80f4-1f357a450346

This generated password is for development use only. Your security configuration must be updated before running your application in production.

2026-07-18T17:54:03.321-05:00  INFO 16588 --- [licencias-server] [           main] r$InitializeUserDetailsManagerConfigurer : Global AuthenticationManager configured with UserDetailsService bean with name inMemoryUserDetailsManager
2026-07-18T17:54:03.549-05:00  INFO 16588 --- [licencias-server] [           main] o.s.b.a.h2.H2ConsoleAutoConfiguration    : H2 console available at '/h2-console'. Database available at 'jdbc:h2:file:./licencias_data/licencias'
2026-07-18T17:54:03.595-05:00  INFO 16588 --- [licencias-server] [           main] o.s.b.w.embedded.tomcat.TomcatWebServer  : Tomcat started on port 9090 (http) with context path '/'
2026-07-18T17:54:03.600-05:00  INFO 16588 --- [licencias-server] [           main] c.i.l.LicenciasServerApplication         : Started LicenciasServerApplication in 2.66 seconds (process running for 2.853)
2026-07-18T17:56:59.065-05:00  INFO 16588 --- [licencias-server] [nio-9090-exec-1] o.a.c.c.C.[Tomcat].[localhost].[/]       : Initializing Spring DispatcherServlet 'dispatcherServlet'
2026-07-18T17:56:59.065-05:00  INFO 16588 --- [licencias-server] [nio-9090-exec-1] o.s.web.servlet.DispatcherServlet        : Initializing Servlet 'dispatcherServlet'
2026-07-18T17:56:59.067-05:00  INFO 16588 --- [licencias-server] [nio-9090-exec-1] o.s.web.servlet.DispatcherServlet        : Completed initialization in 2 ms
